// Jest Snapshot v1, https://goo.gl/fbAQLP

exports[`readInputFile Method Reads input file correctly 1`] = `"Correct File"`;
